<!DOCTYPE html><html><head><title>test</title><style>.main{border: none;}
body{background: url(http://www.example.com/img/bg.png);}
body{background: url('http://www.example.com/img/bg.png');}
body{background: url('data:image/png;base64,iVBORw0KGgoAAAANSUhEUgAAABsAAAAwCAYAAADgvwGgAAAAGXRFWHRTb2Z0d2FyZQBBZG9iZSBJbWFnZVJlYWR5ccllPAAABUlJREFUeNq8WFtsVEUY/ufsWbbtsl1aWtqCBKlJtVakTSEGa4IvJqiJPmg0PmjwRZONBGJDAzHYmD54i40PatCoMeEBL28N6oORROSlloqWW420hRbtZVvYXpa17Z4zfjNndnt2zzl7iJad5Ns5Z87MfPNf5p9/ljHGAkRkkFthjIhz1NkGq5Jt6putmKZJhYpOnmScVrtomDRoTWwDX30iSzIOFKlAMgoUk0wrJhmXTsbYbSeDvVgKNKVwiRq8rwfKlGpTwDgwumps2Gc9TGNDqJOouQTL1nNAL573ARGmaSQBLWRrGzi8uBCYmFiqsZC3Wxo+D7yCl1MYuREja+QMRBNKA76bmihvk2Ulc4eQvh91Qklvor4hpWdsn69k2++u56HQGhqfmqGxiXhGtXSL0lp9rOdB0zAbCzpI37Fu0vUAJZI36WTfAHV+eIwuDI1iPMudmOeROCPbSV/XDzCTzPQyVZSV0FOPPUynvniX9rS1KnN4hEnuIiWjHl9n5MO9wk3IXEiQmZwjPVxG8ekb1PrcAanWrEodJDl6HgB2YIHLBSWbnFyiifFFStdtJ72+hdKpRareuIGeeaTNW4VSEm7nfdtGtBZ4Hngf+BjYD2yVNjvTdUT2Dt+xmXZ0vkXhzbDx9BDtbGrwPml4ju2wFehr9bwL+AbYBJxTgUEQvwO0a5quk8DsH5dodvhPYuVVYsNQdUV5Lhd3kGRs1QWp0qplr4o49wD3Aw8AG4DPgEN6eEu97FW/cxfVtLSQMfobBZiWu0GZi3OsENfbvr6s6meBj4AoIBynHYjpbUdek6MCOidjpJd4cpYoEqG5ZGqFx83tWZZQrP4T2xehyi+Bb5WUh5QdO3S6+qvskTagCcQ7sMoTYDoxXzhTWJHwzrxevwBNwEX1fhhYkg7CM8sNBHMOnpnEXOHowbN1LbaHbrOboYiagUr7Zvc8OOduptzDk5O4GkQP4qlVoRR4AzgL/AicsJ1n7q69tJz2dneZE/GMKquBn2w9hfe9ZHt/XO2zEc9kJ6Bpzk3NXSRk2EucvsrYRdUjQK16vw7EXSTjWYJwacjdTorQFqgnYIwYN7ld7y8A7ykv7AQWVCrHbTZhWc710UiuNN5RX6z6n7y2y8CTjtiohUpIC5Vak5npbHpdtS7qfdTmRpAxSGVv3aTioqjXAAeBPVKypapGOb40Ukbm1DCZM39JsnXlYadzcJcoQvR73nIEwdMqAGds+KIkO93RjjGcKu9rpm2x/aSLTT0/QSXBoKdP5DnOgq21WdVNyguFzX4AZoV02nJyntLJJI1930Pxs/2k1W6Vs6QWFx2mdFUno4NMJD9WQUJEZ4DXVajqV6SDwKc6Q9AV42of2k2V25rJnLwiT4HBK9f8LzSWdHX4PaDCUky5uiB91dZTxMkYS1wakFNF6rC4BOwVB1lJCe3e20Gn+s9bJ7Xr4Zwj8QzaG7HR47av96poci4bG8vNKRl4zcsjJPIRipZT99HjkojysyzvbEtk0k+ocytTLjpcnzED86UpsLaMEqllOvzmUWrv/jx34ewWMk6iR/3yRr0LqVsQNvo7fp2++7mPhsbGV3JHL2ncc8oG3+zKkTPlZ1POiY8DIRVcxZergMiITxiGccHvYuGeajvTcJFmx9DuuFAIaAjcfmoUHac883vrVnMNzx8ADdbt5b+TYZuxu0AZxdsWCFoh3RVjoaAFTDOEbiIBTfjYSxJCjX5aZFEVThyWFMcIz5/5f5CJEzJY3Dt1EcnMYpEhEDPDGRhu0z88ftec1VZjuvB1e3XJjOJQEf0rwABVXGHq9lRcdAAAAABJRU5ErkJggg==');}
body{background: url(data:image/jpeg;base64,/9j/4AAQSkZJRgABAQAAAQABAAD/2wCEAAkGBwgHBgkIBwgKCgkLDRYPDQwMDRsUFRAWIB0iIiAdHx8kKDQsJCYxJx8fLT0tMTU3Ojo6Iys/RD84QzQ5OjcBCgoKDQwNGg8PGjclHyU3Nzc3Nzc3Nzc3Nzc3Nzc3Nzc3Nzc3Nzc3Nzc3Nzc3Nzc3Nzc3Nzc3Nzc3Nzc3Nzc3N//AABEIAJcAlwMBEQACEQEDEQH/xAAbAAEAAwEBAQEAAAAAAAAAAAAAAQYHBAUDAv/EADcQAAEEAQEFBAgFBAMAAAAAAAEAAgMEBREGEiExQSJRYaEHExQycYGRsTNCcsHRFSNSwhaS8P/EABoBAQACAwEAAAAAAAAAAAAAAAABBQIDBAb/xAAxEQEAAgECBAMFCAMBAAAAAAAAAQIDBBESITFBBSJREzJhgaEUIzNxkbHR8EJSwTT/2gAMAwEAAhEDEQA/AIXt3nRAQEBQCAgICAghAQFAICJEBQCAglZoEBAQFAICAgIBQQgICgEBEiAoBAQSs0CAgKAQEBAQCghEnyTdBx7lG4fJARIgICgEBBKzQICgEBAQEHRQo2chOIKcLpZD0HIDvJ6Ba8uamKvFedoZ0pa87VhaoNjatSAT57Itib1awhoHhvHn9FVW8TyZLcOCm7tro61jfJZ1U62xXrBGySFz+Wssj+PzOgWrJfxGI3mJj8ohnWuk32h7rdmcG4AjHwEHkRrx81xfbtVH+cuj7Ph/1c1/D7NY6NslypXiY46Bzg7TVbMep1mWdqWmZY3xYKRvaIeZZl2LghdI2KvMRyZEHFxXRSviNp2mZhqtOkiN9oU7J3ILc2tWjDUhHJjNST8T1Vvhx3xx57TaXBkvFp8sbOJb2sUAgICCVkgQEBAQEHRj6c2QuQ1a41kldoD0HeT4Ba82WuKk3t0hnSk3tFYanTp09nMRIY29iJhkleR2pCBzK8tky5NXmjfvyj4LmtK4Mc7MuymQsZS4+zaeXOJO63XgwdwXp8GCmGkVrCnyZJyW4pci3Na17EZ+SnbZj7UhdVlOkZcfw3dAPAqp8R0cXrOWsc4+rt0ueazwW6NCs14rcD4LEbZInjRzXDgQqCt7UtFq9VpasWjaWS7Q4l2Hyclc6uiI3onnq09/iOS9VpNRGfFFu/dSZsXsr8PZ5i6moQFAICAiUrJiICAgICC6+jam101u65vaYBE092vE/sqXxfJO1cfzWOhpzm3ye9tw5zNmrW7rx3AfhvBcPh0b6mu/95OjV/gyyteoUwgfA6HoVA2TB3P6hiKtonUyRgu/VyPmCvIajH7LLanpK+xW46RZWvSVXa6nTs/nZI5mvgRr/qFY+D389quTXV8sSoCvlaICgEBARKVkxEBAQEBBoHozePYLsf5hOHfItH8Kg8Yj7ys/D/qz0Hu2j4rDtBUN7D26zRq58R3f1DiPMKv02T2eatvi6s1eKk1Y7/7Rev3UQoBEw1LYIk7NQA9HvA/7FeZ8TjbUz8v2W+j/AAYeZ6SrDW06dbXtvkc/TwA0/wBgujwikze1vg1a63liFAV8rRQCAgIkQSsmIgICAghB7+xmXbisuBO7dr2B6t5J4NOvB33+qr/EdPObFvXrDq0uX2d+fSWpN7Q1+y8yuGa7aYB9G5JerM1qTO3naD8Nx5g+BXovDtZGSkY7T5o+sKnVYJrbjjpKsKzcb9RRyTSNihY58jzo1rRqSVja0VjeZ2hMRMztDWcZHDs/gIY7UrGNgZrK88t4nU+ZXlc1ranUTNY6rukRhxRFuzNtoMrJmMjJZdq2MdmJh/K3+TzXo9Lp4wY4p37/AJqnNl9rfieauhqEBAQESIJWTEQEEICAgILPs/tfYxsba11rrFZvBpB7bB3eIVXqvDaZZ4sfKfo7MOrtSNrc4W6DanCW4tH22MDhoWTsLfkdVVW0GppPKv6O6NThtHVwMwey+XsSexaF7QC8VnkNGvkFunVa3T1j2n1aowafLPl+j1KmIxWBry2YYGs9WwufK4lztB4n9lzZNRn1NopM9e3Zurix4o3iGdbQZyzmrJMhLKwP9qEcmjvPeV6DS6Smnry695VmbPbLPweUupoEBAQESIIQfpZMRBCAgICAoBAUC+ejR0fs19g/E9Y0n9Oh089VR+MRPFT02lZ6CfLaFuyNVt2hPVe4tbKwsLh016qrxZJx3i8dnbevFWashymNtYqya9xmjubXD3XjvBXq8GemavFSVJkx2xztZxra1iAgIkQCghBKyYiAgICAoBB1Usddvu0p1ZZuhLW8B8+S1ZM2PF787M6Y7392Ht19iMxLoZfZ4B3Ok1PkD91xX8U08e7vLpross9eT3tn9lr2Gvts+3xFhG7JGGHtBcGr1+PUU4OH5unBpb4rcW63gjRVbtcmSx1XJ1jXtxNkjP1ae8HoVsxZr4rcVJ2lhfHXJG1mYbR4CxhbA3tZKzz/AG5dPI9x+69JpNXXUV9JjsqM+CcU/B467GgRIgIIQEErJiICjcEBBIBJAAJJOgA71Ezt1SvuzexsUbGWsuz1kp4trn3Wfq7z4cviqLV+JWtPBhnl6+qywaSI82Tr6PQ2h2mq4MCpVibJZDeEY7LIx01/hc+l0N9T57TtHr6tubU1xeWOqkXtpcxdcd+6+NvRkPYA+nHzV3i0Onxxyrv+fNX31GW3d5Uskk2pmkfIT1e7e+66a1ivTk0zO/V3YbL28NOJKkmjD78R4td8v3C0ajTY9RXa8fPu2YstsU+VpuBztXNVy+A7krfxIXc2fyPFec1Olvp7bW6eq2w5q5Y3jq7MhShyFOWrZbvRyDQ+HiPFaceS2K8Xr1hsvWL14ZY5cryU7UtaX34nljtPBeux3jJSLx0lRWrNZ4Z7Pis0CCEBAUCVkxEBAQEStGwGNbbyr7UrQWVWgtB/zPL6AHyVX4pmmmKKR/l+zs0ePivxT2aNZkEFaWYjhGwu+gVBWvFaI9VpM7RuxWed9meSeZxdJI4vcT1JXsaUilYrHbkoJtNp3l81KBAQdONvzY27Hbrntxnl0cOoPxWrNhrmpNLd2eO847RaGzQysngjlj9yRoc34HivI2rNZms9l7E7xuynbDT/AJNf3eW+367jdfNeo0H/AJqf3vKm1P41v72eMutpEEICAoErJiICJEBBefRpMzS/BqN/sv08OIVJ4xWfJb81joZjzQu8zGyQvjd7r2lp+BVNE7TEu+Y3jZi9+nJj7k1SZpD4nFvHqOh+YXr8WWuWkXr3UV6TS01lzrYwEBBLWue5rWAuc46Bo5kqJnaN5TtvyhssIZjcTGLDw1leEb7ug0HFeRtvlyzw95XseSnPsyG/adeuz2njQzPL9O7U8l6vFjjHSKR2Ul7cdps51sYoQEBQCCVkgQEBAQd2FyUuJyEduIbwHZezX32nmPt9Fz6nBXPjmk/2WzFknHfihrGMyNXJ1W2Kkgew8x1ae4joV5bLhvitw3hdUyVvG9XDtDs7VzbA5xMVho0ZM0eRHULfpdZfTzy5x6NebT1yxz6qJf2SzFNx3a3tEf8AnCdfLmrvF4jp7xznafirr6XLXtu8x2NvtOjqVkHuMLv4XTGfFPS0fq0+zv6OirgctacBDQn49Xt3B9Std9Xgp1tDKuDJbpC4bP7LQ4c/1DKzRumiGreOjIvHU8yqjVa+2f7rFHKf1l34dNXH57vG2u2nGT1pUXEUwe2/l60jl8l2aDQzi+8ye9+zRqdT7Ty16fuqytHGhAQFAICCVkgQEBQCAg6KV2zQmE1Od8Mg6tPPwI6rXkxUyRw3jdnS9qTvWdloo7e3ImhtypHPpzex24T8uIVbk8Jxzzpbb6uumutHK0bvTj2/x7m/3Kdpp8N0/uuafCcva0fX+G77dT0lL9v8e0dipbcfENH7qI8Iy/7R9f4Pt1PSXnWtv7DmkVKLI+50ry7yGi6KeEVj37btd9dPaFZyWXv5N2t2y6QDkzk0fIKxw6fFh9yNnJfLfJ70uFb2sQEBQCAgIJUoEBAQEBAQEBEiAghAQEBQCAgICCVKBAQEBAQESICAghAQEBQCAgICAglSgQEBARIgICCEBAQFAICAgICAgIP/2Q==)
body{background: url('data:image/jpeg;base64,/9j/4AAQSkZJRgABAQAAAQABAAD/2wCEAAkGBwgHBgkIBwgKCgkLDRYPDQwMDRsUFRAWIB0iIiAdHx8kKDQsJCYxJx8fLT0tMTU3Ojo6Iys/RD84QzQ5OjcBCgoKDQwNGg8PGjclHyU3Nzc3Nzc3Nzc3Nzc3Nzc3Nzc3Nzc3Nzc3Nzc3Nzc3Nzc3Nzc3Nzc3Nzc3Nzc3Nzc3N//AABEIAJcAlwMBEQACEQEDEQH/xAAbAAEAAwEBAQEAAAAAAAAAAAAAAQYHBAUDAv/EADcQAAEEAQEFBAgFBAMAAAAAAAEAAgMEBREGEiExQSJRYaEHExQycYGRsTNCcsHRFSNSwhaS8P/EABoBAQACAwEAAAAAAAAAAAAAAAABBQIDBAb/xAAxEQEAAgECBAMFCAMBAAAAAAAAAQIDBBESITFBBSJREzJhgaEUIzNxkbHR8EJSwTT/2gAMAwEAAhEDEQA/AIXt3nRAQEBQCAgICAghAQFAICJEBQCAglZoEBAQFAICAgIBQQgICgEBEiAoBAQSs0CAgKAQEBAQCghEnyTdBx7lG4fJARIgICgEBBKzQICgEBAQEHRQo2chOIKcLpZD0HIDvJ6Ba8uamKvFedoZ0pa87VhaoNjatSAT57Itib1awhoHhvHn9FVW8TyZLcOCm7tro61jfJZ1U62xXrBGySFz+Wssj+PzOgWrJfxGI3mJj8ohnWuk32h7rdmcG4AjHwEHkRrx81xfbtVH+cuj7Ph/1c1/D7NY6NslypXiY46Bzg7TVbMep1mWdqWmZY3xYKRvaIeZZl2LghdI2KvMRyZEHFxXRSviNp2mZhqtOkiN9oU7J3ILc2tWjDUhHJjNST8T1Vvhx3xx57TaXBkvFp8sbOJb2sUAgICCVkgQEBAQEHRj6c2QuQ1a41kldoD0HeT4Ba82WuKk3t0hnSk3tFYanTp09nMRIY29iJhkleR2pCBzK8tky5NXmjfvyj4LmtK4Mc7MuymQsZS4+zaeXOJO63XgwdwXp8GCmGkVrCnyZJyW4pci3Na17EZ+SnbZj7UhdVlOkZcfw3dAPAqp8R0cXrOWsc4+rt0ueazwW6NCs14rcD4LEbZInjRzXDgQqCt7UtFq9VpasWjaWS7Q4l2Hyclc6uiI3onnq09/iOS9VpNRGfFFu/dSZsXsr8PZ5i6moQFAICAiUrJiICAgICC6+jam101u65vaYBE092vE/sqXxfJO1cfzWOhpzm3ye9tw5zNmrW7rx3AfhvBcPh0b6mu/95OjV/gyyteoUwgfA6HoVA2TB3P6hiKtonUyRgu/VyPmCvIajH7LLanpK+xW46RZWvSVXa6nTs/nZI5mvgRr/qFY+D389quTXV8sSoCvlaICgEBARKVkxEBAQEBBoHozePYLsf5hOHfItH8Kg8Yj7ys/D/qz0Hu2j4rDtBUN7D26zRq58R3f1DiPMKv02T2eatvi6s1eKk1Y7/7Rev3UQoBEw1LYIk7NQA9HvA/7FeZ8TjbUz8v2W+j/AAYeZ6SrDW06dbXtvkc/TwA0/wBgujwikze1vg1a63liFAV8rRQCAgIkQSsmIgICAghB7+xmXbisuBO7dr2B6t5J4NOvB33+qr/EdPObFvXrDq0uX2d+fSWpN7Q1+y8yuGa7aYB9G5JerM1qTO3naD8Nx5g+BXovDtZGSkY7T5o+sKnVYJrbjjpKsKzcb9RRyTSNihY58jzo1rRqSVja0VjeZ2hMRMztDWcZHDs/gIY7UrGNgZrK88t4nU+ZXlc1ranUTNY6rukRhxRFuzNtoMrJmMjJZdq2MdmJh/K3+TzXo9Lp4wY4p37/AJqnNl9rfieauhqEBAQESIJWTEQEEICAgILPs/tfYxsba11rrFZvBpB7bB3eIVXqvDaZZ4sfKfo7MOrtSNrc4W6DanCW4tH22MDhoWTsLfkdVVW0GppPKv6O6NThtHVwMwey+XsSexaF7QC8VnkNGvkFunVa3T1j2n1aowafLPl+j1KmIxWBry2YYGs9WwufK4lztB4n9lzZNRn1NopM9e3Zurix4o3iGdbQZyzmrJMhLKwP9qEcmjvPeV6DS6Smnry695VmbPbLPweUupoEBAQESIIQfpZMRBCAgICAoBAUC+ejR0fs19g/E9Y0n9Oh089VR+MRPFT02lZ6CfLaFuyNVt2hPVe4tbKwsLh016qrxZJx3i8dnbevFWashymNtYqya9xmjubXD3XjvBXq8GemavFSVJkx2xztZxra1iAgIkQCghBKyYiAgICAoBB1Usddvu0p1ZZuhLW8B8+S1ZM2PF787M6Y7392Ht19iMxLoZfZ4B3Ok1PkD91xX8U08e7vLpross9eT3tn9lr2Gvts+3xFhG7JGGHtBcGr1+PUU4OH5unBpb4rcW63gjRVbtcmSx1XJ1jXtxNkjP1ae8HoVsxZr4rcVJ2lhfHXJG1mYbR4CxhbA3tZKzz/AG5dPI9x+69JpNXXUV9JjsqM+CcU/B467GgRIgIIQEErJiICjcEBBIBJAAJJOgA71Ezt1SvuzexsUbGWsuz1kp4trn3Wfq7z4cviqLV+JWtPBhnl6+qywaSI82Tr6PQ2h2mq4MCpVibJZDeEY7LIx01/hc+l0N9T57TtHr6tubU1xeWOqkXtpcxdcd+6+NvRkPYA+nHzV3i0Onxxyrv+fNX31GW3d5Uskk2pmkfIT1e7e+66a1ivTk0zO/V3YbL28NOJKkmjD78R4td8v3C0ajTY9RXa8fPu2YstsU+VpuBztXNVy+A7krfxIXc2fyPFec1Olvp7bW6eq2w5q5Y3jq7MhShyFOWrZbvRyDQ+HiPFaceS2K8Xr1hsvWL14ZY5cryU7UtaX34nljtPBeux3jJSLx0lRWrNZ4Z7Pis0CCEBAUCVkxEBAQEStGwGNbbyr7UrQWVWgtB/zPL6AHyVX4pmmmKKR/l+zs0ePivxT2aNZkEFaWYjhGwu+gVBWvFaI9VpM7RuxWed9meSeZxdJI4vcT1JXsaUilYrHbkoJtNp3l81KBAQdONvzY27Hbrntxnl0cOoPxWrNhrmpNLd2eO847RaGzQysngjlj9yRoc34HivI2rNZms9l7E7xuynbDT/AJNf3eW+367jdfNeo0H/AJqf3vKm1P41v72eMutpEEICAoErJiICJEBBefRpMzS/BqN/sv08OIVJ4xWfJb81joZjzQu8zGyQvjd7r2lp+BVNE7TEu+Y3jZi9+nJj7k1SZpD4nFvHqOh+YXr8WWuWkXr3UV6TS01lzrYwEBBLWue5rWAuc46Bo5kqJnaN5TtvyhssIZjcTGLDw1leEb7ug0HFeRtvlyzw95XseSnPsyG/adeuz2njQzPL9O7U8l6vFjjHSKR2Ul7cdps51sYoQEBQCCVkgQEBAQd2FyUuJyEduIbwHZezX32nmPt9Fz6nBXPjmk/2WzFknHfihrGMyNXJ1W2Kkgew8x1ae4joV5bLhvitw3hdUyVvG9XDtDs7VzbA5xMVho0ZM0eRHULfpdZfTzy5x6NebT1yxz6qJf2SzFNx3a3tEf8AnCdfLmrvF4jp7xznafirr6XLXtu8x2NvtOjqVkHuMLv4XTGfFPS0fq0+zv6OirgctacBDQn49Xt3B9Std9Xgp1tDKuDJbpC4bP7LQ4c/1DKzRumiGreOjIvHU8yqjVa+2f7rFHKf1l34dNXH57vG2u2nGT1pUXEUwe2/l60jl8l2aDQzi+8ye9+zRqdT7Ty16fuqytHGhAQFAICCVkgQEBQCAg6KV2zQmE1Od8Mg6tPPwI6rXkxUyRw3jdnS9qTvWdloo7e3ImhtypHPpzex24T8uIVbk8Jxzzpbb6uumutHK0bvTj2/x7m/3Kdpp8N0/uuafCcva0fX+G77dT0lL9v8e0dipbcfENH7qI8Iy/7R9f4Pt1PSXnWtv7DmkVKLI+50ry7yGi6KeEVj37btd9dPaFZyWXv5N2t2y6QDkzk0fIKxw6fFh9yNnJfLfJ70uFb2sQEBQCAgIJUoEBAQEBAQEBEiAghAQEBQCAgICCVKBAQEBAQESICAghAQEBQCAgICAglSgQEBARIgICCEBAQFAICAgICAgIP/2Q==')</style><style>.main{border: none;}
body{background: url(http://www.example.com/img/bg.png);}
body{background: url('http://www.example.com/img/bg.png');}
body{background: url('data:image/png;base64,iVBORw0KGgoAAAANSUhEUgAAABsAAAAwCAYAAADgvwGgAAAAGXRFWHRTb2Z0d2FyZQBBZG9iZSBJbWFnZVJlYWR5ccllPAAABUlJREFUeNq8WFtsVEUY/ufsWbbtsl1aWtqCBKlJtVakTSEGa4IvJqiJPmg0PmjwRZONBGJDAzHYmD54i40PatCoMeEBL28N6oORROSlloqWW420hRbtZVvYXpa17Z4zfjNndnt2zzl7iJad5Ns5Z87MfPNf5p9/ljHGAkRkkFthjIhz1NkGq5Jt6putmKZJhYpOnmScVrtomDRoTWwDX30iSzIOFKlAMgoUk0wrJhmXTsbYbSeDvVgKNKVwiRq8rwfKlGpTwDgwumps2Gc9TGNDqJOouQTL1nNAL573ARGmaSQBLWRrGzi8uBCYmFiqsZC3Wxo+D7yCl1MYuREja+QMRBNKA76bmihvk2Ulc4eQvh91Qklvor4hpWdsn69k2++u56HQGhqfmqGxiXhGtXSL0lp9rOdB0zAbCzpI37Fu0vUAJZI36WTfAHV+eIwuDI1iPMudmOeROCPbSV/XDzCTzPQyVZSV0FOPPUynvniX9rS1KnN4hEnuIiWjHl9n5MO9wk3IXEiQmZwjPVxG8ekb1PrcAanWrEodJDl6HgB2YIHLBSWbnFyiifFFStdtJ72+hdKpRareuIGeeaTNW4VSEm7nfdtGtBZ4Hngf+BjYD2yVNjvTdUT2Dt+xmXZ0vkXhzbDx9BDtbGrwPml4ju2wFehr9bwL+AbYBJxTgUEQvwO0a5quk8DsH5dodvhPYuVVYsNQdUV5Lhd3kGRs1QWp0qplr4o49wD3Aw8AG4DPgEN6eEu97FW/cxfVtLSQMfobBZiWu0GZi3OsENfbvr6s6meBj4AoIBynHYjpbUdek6MCOidjpJd4cpYoEqG5ZGqFx83tWZZQrP4T2xehyi+Bb5WUh5QdO3S6+qvskTagCcQ7sMoTYDoxXzhTWJHwzrxevwBNwEX1fhhYkg7CM8sNBHMOnpnEXOHowbN1LbaHbrOboYiagUr7Zvc8OOduptzDk5O4GkQP4qlVoRR4AzgL/AicsJ1n7q69tJz2dneZE/GMKquBn2w9hfe9ZHt/XO2zEc9kJ6Bpzk3NXSRk2EucvsrYRdUjQK16vw7EXSTjWYJwacjdTorQFqgnYIwYN7ld7y8A7ykv7AQWVCrHbTZhWc710UiuNN5RX6z6n7y2y8CTjtiohUpIC5Vak5npbHpdtS7qfdTmRpAxSGVv3aTioqjXAAeBPVKypapGOb40Ukbm1DCZM39JsnXlYadzcJcoQvR73nIEwdMqAGds+KIkO93RjjGcKu9rpm2x/aSLTT0/QSXBoKdP5DnOgq21WdVNyguFzX4AZoV02nJyntLJJI1930Pxs/2k1W6Vs6QWFx2mdFUno4NMJD9WQUJEZ4DXVajqV6SDwKc6Q9AV42of2k2V25rJnLwiT4HBK9f8LzSWdHX4PaDCUky5uiB91dZTxMkYS1wakFNF6rC4BOwVB1lJCe3e20Gn+s9bJ7Xr4Zwj8QzaG7HR47av96poci4bG8vNKRl4zcsjJPIRipZT99HjkojysyzvbEtk0k+ocytTLjpcnzED86UpsLaMEqllOvzmUWrv/jx34ewWMk6iR/3yRr0LqVsQNvo7fp2++7mPhsbGV3JHL2ncc8oG3+zKkTPlZ1POiY8DIRVcxZergMiITxiGccHvYuGeajvTcJFmx9DuuFAIaAjcfmoUHac883vrVnMNzx8ADdbt5b+TYZuxu0AZxdsWCFoh3RVjoaAFTDOEbiIBTfjYSxJCjX5aZFEVThyWFMcIz5/5f5CJEzJY3Dt1EcnMYpEhEDPDGRhu0z88ftec1VZjuvB1e3XJjOJQEf0rwABVXGHq9lRcdAAAAABJRU5ErkJggg==');}
body{background: url(data:image/jpeg;base64,/9j/4AAQSkZJRgABAQAAAQABAAD/2wCEAAkGBwgHBgkIBwgKCgkLDRYPDQwMDRsUFRAWIB0iIiAdHx8kKDQsJCYxJx8fLT0tMTU3Ojo6Iys/RD84QzQ5OjcBCgoKDQwNGg8PGjclHyU3Nzc3Nzc3Nzc3Nzc3Nzc3Nzc3Nzc3Nzc3Nzc3Nzc3Nzc3Nzc3Nzc3Nzc3Nzc3Nzc3N//AABEIAJcAlwMBEQACEQEDEQH/xAAbAAEAAwEBAQEAAAAAAAAAAAAAAQYHBAUDAv/EADcQAAEEAQEFBAgFBAMAAAAAAAEAAgMEBREGEiExQSJRYaEHExQycYGRsTNCcsHRFSNSwhaS8P/EABoBAQACAwEAAAAAAAAAAAAAAAABBQIDBAb/xAAxEQEAAgECBAMFCAMBAAAAAAAAAQIDBBESITFBBSJREzJhgaEUIzNxkbHR8EJSwTT/2gAMAwEAAhEDEQA/AIXt3nRAQEBQCAgICAghAQFAICJEBQCAglZoEBAQFAICAgIBQQgICgEBEiAoBAQSs0CAgKAQEBAQCghEnyTdBx7lG4fJARIgICgEBBKzQICgEBAQEHRQo2chOIKcLpZD0HIDvJ6Ba8uamKvFedoZ0pa87VhaoNjatSAT57Itib1awhoHhvHn9FVW8TyZLcOCm7tro61jfJZ1U62xXrBGySFz+Wssj+PzOgWrJfxGI3mJj8ohnWuk32h7rdmcG4AjHwEHkRrx81xfbtVH+cuj7Ph/1c1/D7NY6NslypXiY46Bzg7TVbMep1mWdqWmZY3xYKRvaIeZZl2LghdI2KvMRyZEHFxXRSviNp2mZhqtOkiN9oU7J3ILc2tWjDUhHJjNST8T1Vvhx3xx57TaXBkvFp8sbOJb2sUAgICCVkgQEBAQEHRj6c2QuQ1a41kldoD0HeT4Ba82WuKk3t0hnSk3tFYanTp09nMRIY29iJhkleR2pCBzK8tky5NXmjfvyj4LmtK4Mc7MuymQsZS4+zaeXOJO63XgwdwXp8GCmGkVrCnyZJyW4pci3Na17EZ+SnbZj7UhdVlOkZcfw3dAPAqp8R0cXrOWsc4+rt0ueazwW6NCs14rcD4LEbZInjRzXDgQqCt7UtFq9VpasWjaWS7Q4l2Hyclc6uiI3onnq09/iOS9VpNRGfFFu/dSZsXsr8PZ5i6moQFAICAiUrJiICAgICC6+jam101u65vaYBE092vE/sqXxfJO1cfzWOhpzm3ye9tw5zNmrW7rx3AfhvBcPh0b6mu/95OjV/gyyteoUwgfA6HoVA2TB3P6hiKtonUyRgu/VyPmCvIajH7LLanpK+xW46RZWvSVXa6nTs/nZI5mvgRr/qFY+D389quTXV8sSoCvlaICgEBARKVkxEBAQEBBoHozePYLsf5hOHfItH8Kg8Yj7ys/D/qz0Hu2j4rDtBUN7D26zRq58R3f1DiPMKv02T2eatvi6s1eKk1Y7/7Rev3UQoBEw1LYIk7NQA9HvA/7FeZ8TjbUz8v2W+j/AAYeZ6SrDW06dbXtvkc/TwA0/wBgujwikze1vg1a63liFAV8rRQCAgIkQSsmIgICAghB7+xmXbisuBO7dr2B6t5J4NOvB33+qr/EdPObFvXrDq0uX2d+fSWpN7Q1+y8yuGa7aYB9G5JerM1qTO3naD8Nx5g+BXovDtZGSkY7T5o+sKnVYJrbjjpKsKzcb9RRyTSNihY58jzo1rRqSVja0VjeZ2hMRMztDWcZHDs/gIY7UrGNgZrK88t4nU+ZXlc1ranUTNY6rukRhxRFuzNtoMrJmMjJZdq2MdmJh/K3+TzXo9Lp4wY4p37/AJqnNl9rfieauhqEBAQESIJWTEQEEICAgILPs/tfYxsba11rrFZvBpB7bB3eIVXqvDaZZ4sfKfo7MOrtSNrc4W6DanCW4tH22MDhoWTsLfkdVVW0GppPKv6O6NThtHVwMwey+XsSexaF7QC8VnkNGvkFunVa3T1j2n1aowafLPl+j1KmIxWBry2YYGs9WwufK4lztB4n9lzZNRn1NopM9e3Zurix4o3iGdbQZyzmrJMhLKwP9qEcmjvPeV6DS6Smnry695VmbPbLPweUupoEBAQESIIQfpZMRBCAgICAoBAUC+ejR0fs19g/E9Y0n9Oh089VR+MRPFT02lZ6CfLaFuyNVt2hPVe4tbKwsLh016qrxZJx3i8dnbevFWashymNtYqya9xmjubXD3XjvBXq8GemavFSVJkx2xztZxra1iAgIkQCghBKyYiAgICAoBB1Usddvu0p1ZZuhLW8B8+S1ZM2PF787M6Y7392Ht19iMxLoZfZ4B3Ok1PkD91xX8U08e7vLpross9eT3tn9lr2Gvts+3xFhG7JGGHtBcGr1+PUU4OH5unBpb4rcW63gjRVbtcmSx1XJ1jXtxNkjP1ae8HoVsxZr4rcVJ2lhfHXJG1mYbR4CxhbA3tZKzz/AG5dPI9x+69JpNXXUV9JjsqM+CcU/B467GgRIgIIQEErJiICjcEBBIBJAAJJOgA71Ezt1SvuzexsUbGWsuz1kp4trn3Wfq7z4cviqLV+JWtPBhnl6+qywaSI82Tr6PQ2h2mq4MCpVibJZDeEY7LIx01/hc+l0N9T57TtHr6tubU1xeWOqkXtpcxdcd+6+NvRkPYA+nHzV3i0Onxxyrv+fNX31GW3d5Uskk2pmkfIT1e7e+66a1ivTk0zO/V3YbL28NOJKkmjD78R4td8v3C0ajTY9RXa8fPu2YstsU+VpuBztXNVy+A7krfxIXc2fyPFec1Olvp7bW6eq2w5q5Y3jq7MhShyFOWrZbvRyDQ+HiPFaceS2K8Xr1hsvWL14ZY5cryU7UtaX34nljtPBeux3jJSLx0lRWrNZ4Z7Pis0CCEBAUCVkxEBAQEStGwGNbbyr7UrQWVWgtB/zPL6AHyVX4pmmmKKR/l+zs0ePivxT2aNZkEFaWYjhGwu+gVBWvFaI9VpM7RuxWed9meSeZxdJI4vcT1JXsaUilYrHbkoJtNp3l81KBAQdONvzY27Hbrntxnl0cOoPxWrNhrmpNLd2eO847RaGzQysngjlj9yRoc34HivI2rNZms9l7E7xuynbDT/AJNf3eW+367jdfNeo0H/AJqf3vKm1P41v72eMutpEEICAoErJiICJEBBefRpMzS/BqN/sv08OIVJ4xWfJb81joZjzQu8zGyQvjd7r2lp+BVNE7TEu+Y3jZi9+nJj7k1SZpD4nFvHqOh+YXr8WWuWkXr3UV6TS01lzrYwEBBLWue5rWAuc46Bo5kqJnaN5TtvyhssIZjcTGLDw1leEb7ug0HFeRtvlyzw95XseSnPsyG/adeuz2njQzPL9O7U8l6vFjjHSKR2Ul7cdps51sYoQEBQCCVkgQEBAQd2FyUuJyEduIbwHZezX32nmPt9Fz6nBXPjmk/2WzFknHfihrGMyNXJ1W2Kkgew8x1ae4joV5bLhvitw3hdUyVvG9XDtDs7VzbA5xMVho0ZM0eRHULfpdZfTzy5x6NebT1yxz6qJf2SzFNx3a3tEf8AnCdfLmrvF4jp7xznafirr6XLXtu8x2NvtOjqVkHuMLv4XTGfFPS0fq0+zv6OirgctacBDQn49Xt3B9Std9Xgp1tDKuDJbpC4bP7LQ4c/1DKzRumiGreOjIvHU8yqjVa+2f7rFHKf1l34dNXH57vG2u2nGT1pUXEUwe2/l60jl8l2aDQzi+8ye9+zRqdT7Ty16fuqytHGhAQFAICCVkgQEBQCAg6KV2zQmE1Od8Mg6tPPwI6rXkxUyRw3jdnS9qTvWdloo7e3ImhtypHPpzex24T8uIVbk8Jxzzpbb6uumutHK0bvTj2/x7m/3Kdpp8N0/uuafCcva0fX+G77dT0lL9v8e0dipbcfENH7qI8Iy/7R9f4Pt1PSXnWtv7DmkVKLI+50ry7yGi6KeEVj37btd9dPaFZyWXv5N2t2y6QDkzk0fIKxw6fFh9yNnJfLfJ70uFb2sQEBQCAgIJUoEBAQEBAQEBEiAghAQEBQCAgICCVKBAQEBAQESICAghAQEBQCAgICAglSgQEBARIgICCEBAQFAICAgICAgIP/2Q==)
body{background: url('data:image/jpeg;base64,/9j/4AAQSkZJRgABAQAAAQABAAD/2wCEAAkGBwgHBgkIBwgKCgkLDRYPDQwMDRsUFRAWIB0iIiAdHx8kKDQsJCYxJx8fLT0tMTU3Ojo6Iys/RD84QzQ5OjcBCgoKDQwNGg8PGjclHyU3Nzc3Nzc3Nzc3Nzc3Nzc3Nzc3Nzc3Nzc3Nzc3Nzc3Nzc3Nzc3Nzc3Nzc3Nzc3Nzc3N//AABEIAJcAlwMBEQACEQEDEQH/xAAbAAEAAwEBAQEAAAAAAAAAAAAAAQYHBAUDAv/EADcQAAEEAQEFBAgFBAMAAAAAAAEAAgMEBREGEiExQSJRYaEHExQycYGRsTNCcsHRFSNSwhaS8P/EABoBAQACAwEAAAAAAAAAAAAAAAABBQIDBAb/xAAxEQEAAgECBAMFCAMBAAAAAAAAAQIDBBESITFBBSJREzJhgaEUIzNxkbHR8EJSwTT/2gAMAwEAAhEDEQA/AIXt3nRAQEBQCAgICAghAQFAICJEBQCAglZoEBAQFAICAgIBQQgICgEBEiAoBAQSs0CAgKAQEBAQCghEnyTdBx7lG4fJARIgICgEBBKzQICgEBAQEHRQo2chOIKcLpZD0HIDvJ6Ba8uamKvFedoZ0pa87VhaoNjatSAT57Itib1awhoHhvHn9FVW8TyZLcOCm7tro61jfJZ1U62xXrBGySFz+Wssj+PzOgWrJfxGI3mJj8ohnWuk32h7rdmcG4AjHwEHkRrx81xfbtVH+cuj7Ph/1c1/D7NY6NslypXiY46Bzg7TVbMep1mWdqWmZY3xYKRvaIeZZl2LghdI2KvMRyZEHFxXRSviNp2mZhqtOkiN9oU7J3ILc2tWjDUhHJjNST8T1Vvhx3xx57TaXBkvFp8sbOJb2sUAgICCVkgQEBAQEHRj6c2QuQ1a41kldoD0HeT4Ba82WuKk3t0hnSk3tFYanTp09nMRIY29iJhkleR2pCBzK8tky5NXmjfvyj4LmtK4Mc7MuymQsZS4+zaeXOJO63XgwdwXp8GCmGkVrCnyZJyW4pci3Na17EZ+SnbZj7UhdVlOkZcfw3dAPAqp8R0cXrOWsc4+rt0ueazwW6NCs14rcD4LEbZInjRzXDgQqCt7UtFq9VpasWjaWS7Q4l2Hyclc6uiI3onnq09/iOS9VpNRGfFFu/dSZsXsr8PZ5i6moQFAICAiUrJiICAgICC6+jam101u65vaYBE092vE/sqXxfJO1cfzWOhpzm3ye9tw5zNmrW7rx3AfhvBcPh0b6mu/95OjV/gyyteoUwgfA6HoVA2TB3P6hiKtonUyRgu/VyPmCvIajH7LLanpK+xW46RZWvSVXa6nTs/nZI5mvgRr/qFY+D389quTXV8sSoCvlaICgEBARKVkxEBAQEBBoHozePYLsf5hOHfItH8Kg8Yj7ys/D/qz0Hu2j4rDtBUN7D26zRq58R3f1DiPMKv02T2eatvi6s1eKk1Y7/7Rev3UQoBEw1LYIk7NQA9HvA/7FeZ8TjbUz8v2W+j/AAYeZ6SrDW06dbXtvkc/TwA0/wBgujwikze1vg1a63liFAV8rRQCAgIkQSsmIgICAghB7+xmXbisuBO7dr2B6t5J4NOvB33+qr/EdPObFvXrDq0uX2d+fSWpN7Q1+y8yuGa7aYB9G5JerM1qTO3naD8Nx5g+BXovDtZGSkY7T5o+sKnVYJrbjjpKsKzcb9RRyTSNihY58jzo1rRqSVja0VjeZ2hMRMztDWcZHDs/gIY7UrGNgZrK88t4nU+ZXlc1ranUTNY6rukRhxRFuzNtoMrJmMjJZdq2MdmJh/K3+TzXo9Lp4wY4p37/AJqnNl9rfieauhqEBAQESIJWTEQEEICAgILPs/tfYxsba11rrFZvBpB7bB3eIVXqvDaZZ4sfKfo7MOrtSNrc4W6DanCW4tH22MDhoWTsLfkdVVW0GppPKv6O6NThtHVwMwey+XsSexaF7QC8VnkNGvkFunVa3T1j2n1aowafLPl+j1KmIxWBry2YYGs9WwufK4lztB4n9lzZNRn1NopM9e3Zurix4o3iGdbQZyzmrJMhLKwP9qEcmjvPeV6DS6Smnry695VmbPbLPweUupoEBAQESIIQfpZMRBCAgICAoBAUC+ejR0fs19g/E9Y0n9Oh089VR+MRPFT02lZ6CfLaFuyNVt2hPVe4tbKwsLh016qrxZJx3i8dnbevFWashymNtYqya9xmjubXD3XjvBXq8GemavFSVJkx2xztZxra1iAgIkQCghBKyYiAgICAoBB1Usddvu0p1ZZuhLW8B8+S1ZM2PF787M6Y7392Ht19iMxLoZfZ4B3Ok1PkD91xX8U08e7vLpross9eT3tn9lr2Gvts+3xFhG7JGGHtBcGr1+PUU4OH5unBpb4rcW63gjRVbtcmSx1XJ1jXtxNkjP1ae8HoVsxZr4rcVJ2lhfHXJG1mYbR4CxhbA3tZKzz/AG5dPI9x+69JpNXXUV9JjsqM+CcU/B467GgRIgIIQEErJiICjcEBBIBJAAJJOgA71Ezt1SvuzexsUbGWsuz1kp4trn3Wfq7z4cviqLV+JWtPBhnl6+qywaSI82Tr6PQ2h2mq4MCpVibJZDeEY7LIx01/hc+l0N9T57TtHr6tubU1xeWOqkXtpcxdcd+6+NvRkPYA+nHzV3i0Onxxyrv+fNX31GW3d5Uskk2pmkfIT1e7e+66a1ivTk0zO/V3YbL28NOJKkmjD78R4td8v3C0ajTY9RXa8fPu2YstsU+VpuBztXNVy+A7krfxIXc2fyPFec1Olvp7bW6eq2w5q5Y3jq7MhShyFOWrZbvRyDQ+HiPFaceS2K8Xr1hsvWL14ZY5cryU7UtaX34nljtPBeux3jJSLx0lRWrNZ4Z7Pis0CCEBAUCVkxEBAQEStGwGNbbyr7UrQWVWgtB/zPL6AHyVX4pmmmKKR/l+zs0ePivxT2aNZkEFaWYjhGwu+gVBWvFaI9VpM7RuxWed9meSeZxdJI4vcT1JXsaUilYrHbkoJtNp3l81KBAQdONvzY27Hbrntxnl0cOoPxWrNhrmpNLd2eO847RaGzQysngjlj9yRoc34HivI2rNZms9l7E7xuynbDT/AJNf3eW+367jdfNeo0H/AJqf3vKm1P41v72eMutpEEICAoErJiICJEBBefRpMzS/BqN/sv08OIVJ4xWfJb81joZjzQu8zGyQvjd7r2lp+BVNE7TEu+Y3jZi9+nJj7k1SZpD4nFvHqOh+YXr8WWuWkXr3UV6TS01lzrYwEBBLWue5rWAuc46Bo5kqJnaN5TtvyhssIZjcTGLDw1leEb7ug0HFeRtvlyzw95XseSnPsyG/adeuz2njQzPL9O7U8l6vFjjHSKR2Ul7cdps51sYoQEBQCCVkgQEBAQd2FyUuJyEduIbwHZezX32nmPt9Fz6nBXPjmk/2WzFknHfihrGMyNXJ1W2Kkgew8x1ae4joV5bLhvitw3hdUyVvG9XDtDs7VzbA5xMVho0ZM0eRHULfpdZfTzy5x6NebT1yxz6qJf2SzFNx3a3tEf8AnCdfLmrvF4jp7xznafirr6XLXtu8x2NvtOjqVkHuMLv4XTGfFPS0fq0+zv6OirgctacBDQn49Xt3B9Std9Xgp1tDKuDJbpC4bP7LQ4c/1DKzRumiGreOjIvHU8yqjVa+2f7rFHKf1l34dNXH57vG2u2nGT1pUXEUwe2/l60jl8l2aDQzi+8ye9+zRqdT7Ty16fuqytHGhAQFAICCVkgQEBQCAg6KV2zQmE1Od8Mg6tPPwI6rXkxUyRw3jdnS9qTvWdloo7e3ImhtypHPpzex24T8uIVbk8Jxzzpbb6uumutHK0bvTj2/x7m/3Kdpp8N0/uuafCcva0fX+G77dT0lL9v8e0dipbcfENH7qI8Iy/7R9f4Pt1PSXnWtv7DmkVKLI+50ry7yGi6KeEVj37btd9dPaFZyWXv5N2t2y6QDkzk0fIKxw6fFh9yNnJfLfJ70uFb2sQEBQCAgIJUoEBAQEBAQEBEiAghAQEBQCAgICCVKBAQEBAQESICAghAQEBQCAgICAglSgQEBARIgICCEBAQFAICAgICAgIP/2Q==')</style></head><body></body></html>