<!DOCTYPE html><html><head><title>test</title><link href="data:image/x-icon;base64,AAABAAEAEBAAAAEAIABoBAAAFgAAACgAAAAQAAAAIAAAAAEAIAAAAAAAAAQAAAAAAAAAAAAAAAAAAAAAAAD///8A////AP///wD///8A////AP///wD8/v0DvurVXMHr11f///8A////AP///wD///8A////AP///wD///8A////AP///wD///8A////AP///wDV8eQ6b9Giz07Hjf9Ox43/ddOmx9rz5zL///8A////AP///wD///8A////AP///wD///8A////AOj38B+L2rSnTseN/07Hjf9Ox43/TseN/07Hjf9Ox43/kNy4n+759Bj///8A////AP///wD///8A+f37B6TixINTyJD3TseN/07Hjf9Ox43/TseN/07Hjf9Ox43/TseN/07Hjf9WyZLzrOTKd/z+/QP///8A////AKnkyHtOx43/TseN/07Hjf9Ox43/TseN/07Hjf9Ox43/TseN/07Hjf9Ox43/TseN/07Hjf+y5s1v////AP///wCn48Z+TseN/07Hjf9Ox43/TseN/07Hjf9Ox43/TseN/07Hjf9Ox43/TseN/07Hjf9Ox43/p+PGfv///wD///8Ap+PGfk7Hjf9Ox43/TseN/07Hjf9Ox43/TseN/07Hjf9Ox43/TseN/07Hjf9Ox43/TseN/6fjxn7///8A////AKfjxn5Ox43/TseN/07Hjf9Ox43/TseN/07Hjf9Ox43/TseN/07Hjf9Ox43/TseN/07Hjf+n48Z+////AP///wCn48Z+TseN/07Hjf9Ox43/TseN/07Hjf9Ox43/TseN/07Hjf9Ox43/TseN/07Hjf9Ox43/p+PGfv///wD///8Ap+PGfk7Hjf9Ox43/TseN/07Hjf9Ox43/TseN/07Hjf9Ox43/TseN/07Hjf9Ox43/TseN/6fjxn7///8A////AKfjxn5Ox43/TseN/07Hjf9Ox43/TseN/07Hjf9Ox43/TseN/07Hjf9Ox43/TseN/07Hjf+n48Z+////AP///wC86dNgTseN/07Hjf9Ox43/TseN/07Hjf9Ox43/TseN/07Hjf9Ox43/TseN/07Hjf9Qx476xOzZU////wD///8A////ANfy5Tdy0qTKTseN/07Hjf9Ox43/TseN/07Hjf9Ox43/TseN/07Hjf961am/3fTpL////wD///8A////AP///wD///8A////ALzp02BezJfnTseN/07Hjf9Ox43/TseN/2TOm97B69dX////AP///wD///8A////AP///wD///8A////AP///wD///8A9vz5DKHhwodTyJD3U8iQ96nkyHv5/fsH////AP///wD///8A////AP///wD///8A////AP///wD///8A////AP///wD///8A6PfwH+759Bj///8A////AP///wD///8A////AP///wD///8A//8AAPw/AADwDwAAwAcAAMADAADAAwAAwAMAAMADAADAAwAAwAMAAMADAADAAwAA4AcAAPgfAAD8fwAA//8AAA=="></head><body></body></html>