<!DOCTYPE html><html><head><title>test</title></head><body><p>test</p><p>test</p></body></html>