<!DOCTYPE html><html><head><title>test</title></head><body><img src="data:image/png;base64,iVBORw0KGgoAAAANSUhEUgAAABsAAAAwCAYAAADgvwGgAAAAGXRFWHRTb2Z0d2FyZQBBZG9iZSBJbWFnZVJlYWR5ccllPAAABUlJREFUeNq8WFtsVEUY/ufsWbbtsl1aWtqCBKlJtVakTSEGa4IvJqiJPmg0PmjwRZONBGJDAzHYmD54i40PatCoMeEBL28N6oORROSlloqWW420hRbtZVvYXpa17Z4zfjNndnt2zzl7iJad5Ns5Z87MfPNf5p9/ljHGAkRkkFthjIhz1NkGq5Jt6putmKZJhYpOnmScVrtomDRoTWwDX30iSzIOFKlAMgoUk0wrJhmXTsbYbSeDvVgKNKVwiRq8rwfKlGpTwDgwumps2Gc9TGNDqJOouQTL1nNAL573ARGmaSQBLWRrGzi8uBCYmFiqsZC3Wxo+D7yCl1MYuREja+QMRBNKA76bmihvk2Ulc4eQvh91Qklvor4hpWdsn69k2++u56HQGhqfmqGxiXhGtXSL0lp9rOdB0zAbCzpI37Fu0vUAJZI36WTfAHV+eIwuDI1iPMudmOeROCPbSV/XDzCTzPQyVZSV0FOPPUynvniX9rS1KnN4hEnuIiWjHl9n5MO9wk3IXEiQmZwjPVxG8ekb1PrcAanWrEodJDl6HgB2YIHLBSWbnFyiifFFStdtJ72+hdKpRareuIGeeaTNW4VSEm7nfdtGtBZ4Hngf+BjYD2yVNjvTdUT2Dt+xmXZ0vkXhzbDx9BDtbGrwPml4ju2wFehr9bwL+AbYBJxTgUEQvwO0a5quk8DsH5dodvhPYuVVYsNQdUV5Lhd3kGRs1QWp0qplr4o49wD3Aw8AG4DPgEN6eEu97FW/cxfVtLSQMfobBZiWu0GZi3OsENfbvr6s6meBj4AoIBynHYjpbUdek6MCOidjpJd4cpYoEqG5ZGqFx83tWZZQrP4T2xehyi+Bb5WUh5QdO3S6+qvskTagCcQ7sMoTYDoxXzhTWJHwzrxevwBNwEX1fhhYkg7CM8sNBHMOnpnEXOHowbN1LbaHbrOboYiagUr7Zvc8OOduptzDk5O4GkQP4qlVoRR4AzgL/AicsJ1n7q69tJz2dneZE/GMKquBn2w9hfe9ZHt/XO2zEc9kJ6Bpzk3NXSRk2EucvsrYRdUjQK16vw7EXSTjWYJwacjdTorQFqgnYIwYN7ld7y8A7ykv7AQWVCrHbTZhWc710UiuNN5RX6z6n7y2y8CTjtiohUpIC5Vak5npbHpdtS7qfdTmRpAxSGVv3aTioqjXAAeBPVKypapGOb40Ukbm1DCZM39JsnXlYadzcJcoQvR73nIEwdMqAGds+KIkO93RjjGcKu9rpm2x/aSLTT0/QSXBoKdP5DnOgq21WdVNyguFzX4AZoV02nJyntLJJI1930Pxs/2k1W6Vs6QWFx2mdFUno4NMJD9WQUJEZ4DXVajqV6SDwKc6Q9AV42of2k2V25rJnLwiT4HBK9f8LzSWdHX4PaDCUky5uiB91dZTxMkYS1wakFNF6rC4BOwVB1lJCe3e20Gn+s9bJ7Xr4Zwj8QzaG7HR47av96poci4bG8vNKRl4zcsjJPIRipZT99HjkojysyzvbEtk0k+ocytTLjpcnzED86UpsLaMEqllOvzmUWrv/jx34ewWMk6iR/3yRr0LqVsQNvo7fp2++7mPhsbGV3JHL2ncc8oG3+zKkTPlZ1POiY8DIRVcxZergMiITxiGccHvYuGeajvTcJFmx9DuuFAIaAjcfmoUHac883vrVnMNzx8ADdbt5b+TYZuxu0AZxdsWCFoh3RVjoaAFTDOEbiIBTfjYSxJCjX5aZFEVThyWFMcIz5/5f5CJEzJY3Dt1EcnMYpEhEDPDGRhu0z88ftec1VZjuvB1e3XJjOJQEf0rwABVXGHq9lRcdAAAAABJRU5ErkJggg=="></body></html>
