<!DOCTYPE html><html><head><title>test</title><script>console.log('test');</script><script>console.log('test');</script></head><body></body></html>